[royalcams.com/profile/alishalove2.html]
[backblue.gif]
[fade.gif]
[index.html]
[i.bimbolive.com/css-min/1KFWN7/ft.css]
[i.bimbolive.com/css-min/1KFWN7/cr.css]
[i.bimbolive.com/css-min/1KFWN7/lt.css]
[i.bimbolive.com/css-min/1KFWN7/pg.css]
[i.bimbolive.com/css-min/1KFWN7/extra/chat_fonts.css]
[i.bimbolive.com/js-min/vendor/1KFFLC/dll/vf.js]
[www.google-analytics.com/analytics.js]
[royalcams.com/css/frontend/color-schemeece8.css]
[i.bimbolive.com/images/default/profile_female_3.jpg]
[d31qbv1cthcecs.cloudfront.net/atrk.js]
[i.bimbolive.com/02b/172/271/2526773fb7c6882a7bb05fd92b6da7a4_avatarb.jpg]
[royalcams.com/profile/alishalove2.html]
[i.bimbolive.com/i18n-min/1605697448/messages/en.js]
[i.bimbolive.com/css-min/1KFWN7/ft.css]
[royalcams.com/profile/romano371.html]
[i.bimbolive.com/images/frontend/icons_june_5_min.png]
[i.bimbolive.com/images/frontend/im_controls4-min.png]
[i.bimbolive.com/images/bongacams_logo3_header.png]
[i.bimbolive.com/images/logo/christmas/logo_min.gif]
[i.bimbolive.com/images/logo/christmas/logo_retina.gif]
[i.bimbolive.com/images/panel_guide_corner.png]
[i.bimbolive.com/images/frontend/sidebar/bctalk/bg.jpg]
[i.bimbolive.com/css-min/1KFWN7/cr.css]
[i.bimbolive.com/images/frontend/layout_sprite_12_min.png]
[i.bimbolive.com/images/icon_close.png]
[i.bimbolive.com/images/icon_close_maroon.png]
[i.bimbolive.com/images/bt_grey_back1.png]
[i.bimbolive.com/images/bt_green_back2.png]
[i.bimbolive.com/images/frontend/green_btn_back.png]
[i.bimbolive.com/images/bc_logoicon.png]
[i.bimbolive.com/images/bc_logoicon_min.png]
[i.bimbolive.com/images/bc_logoicon_medium.png]
[i.bimbolive.com/images/chat/icon_close_white.png]
[i.bimbolive.com/images/frontend/icon_close_wg.png]
[i.bimbolive.com/images/frontend/icon_exclamation_mark.png]
[i.bimbolive.com/images/frontend/bottom_gray_dashed_line.png]
[i.bimbolive.com/images/frontend/icon_negative.png]
[i.bimbolive.com/images/frontend/icon_confirm.png]
[i.bimbolive.com/images/frontend/icon_neutral.png]
[i.bimbolive.com/images/close_small_icon1.png]
[i.bimbolive.com/images/frontend/models/input_bg.png]
[i.bimbolive.com/css-min/1KFWN7/lt.css]
[i.bimbolive.com/images/warning_popup_girl_bckg.jpg]
[i.bimbolive.com/images/warning_popup_girl_btn.png]
[i.bimbolive.com/images/warning_popup_red_bckg.jpg]
[i.bimbolive.com/images/frontend/icon_set25_min.png]
[i.bimbolive.com/css-min/1KFWN7/pg.css]
[i.bimbolive.com/css-min/1KFWN7/extra/chat_fonts.css]
[i.bimbolive.com/wl/27a43aeef3d6c26bbe8f92e27a797d24.png]
[royalcams.com/images/frontend/wl/royalcams/logo_small_new.png]
[i.bimbolive.com/js-min/1KFWN7/pg.js]
[royalcams.com/images/frontend/wl/royalcams/icon_set24_min.png]
[royalcams.com/images/frontend/wl/royalcams/step_signup2.jpg]
[royalcams.com/images/frontend/signup/girls_signup_wl.jpg]
[royalcams.com/css/frontend/color-schemeece8.css]
[i.bimbolive.com/02b/172/271/2526773fb7c6882a7bb05fd92b6da7a4_profile_s.jpg]
[royalcams.com/profile/romano371/album/5334097/photos.html]
[royalcams.com/profile/romano371/photos.html]
[i.bimbolive.com/02b/172/271/a5334097/4013568_portrait_th_a94a44d2878019eceeaf96bbf24779c7.jpg]
[royalcams.com/profile/romano371/album/5334097/photo/4013568.html]
[i.bimbolive.com/062/274/1bd/18023af63871f235e0e685e5d9471ceb_avatarb.jpg]
[royalcams.com/profile/BettyBoom1.html]
[i.bimbolive.com/062/27a/1f8/caaebcca5f1b87782cc7376fb722bee8_avatarb.jpg]
[royalcams.com/profile/Ellax07.html]
[i.bimbolive.com/062/283/351/765cdfa3ab8c19a6c255ff7cc8118f68_avatarb.jpg]
[royalcams.com/profile/Dona-Loca.html]
[i.bimbolive.com/062/294/1c0/a85976df7dc8ac3475c57eefe2eece2b_avatarb.jpg]
[royalcams.com/profile/emilystar69.html]
[i.bimbolive.com/062/296/1af/b1a4a06623191122410a2253fb1dd652_avatarb.jpg]
[royalcams.com/profile/DreamQFila.html]
[i.bimbolive.com/062/29b/37c/419673fdcf3f2960ef5dacc4360f3749_avatarb.jpg]
[royalcams.com/profile/ElegantBlonda.html]
[i.bimbolive.com/062/2b6/323/53ec4160e99638faad1439aef5f02248_avatarb.jpg]
[royalcams.com/profile/eimycol01x.html]
[i.bimbolive.com/062/2c1/1a3/51782054cc1dfcd4d57707565e7ced94_avatarb.jpg]
[royalcams.com/profile/ElisaJean.html]
[i.bimbolive.com/062/2ce/2fc/df49ccf4a09137db257376b87a34c69c_avatarb.jpg]
[royalcams.com/profile/DreamLatte.html]
[i.bimbolive.com/062/2ce/316/1892b32ca62569ead46624899407da22_avatarb.jpg]
[royalcams.com/profile/Emily-Smith1.html]
[i.bimbolive.com/062/2d3/214/e33a5c54e1a20b69581865758ece670a_avatarb.jpg]
[royalcams.com/profile/EmelyLauren.html]
[i.bimbolive.com/062/2db/3b9/81cd995700e8597a6902cb4c6c7b53d9_avatarb.jpg]
[royalcams.com/profile/dirtysexx-.html]
[i.bimbolive.com/060/37c/0e5/f8cf9f003125ec9fa727fb7ac2625284_avatarb.jpg]
[royalcams.com/profile/Danilovs.html]
[i.bimbolive.com/060/37d/285/7fbd44c724fc346e08be36377ab84acb_avatarb.jpg]
[royalcams.com/profile/BetyBu.html]
[i.bimbolive.com/060/38b/2ab/534de174d31c85c5a0525d9b79e4a9cd_avatarb.jpg]
[royalcams.com/profile/AishaMoon.html]
[i.bimbolive.com/060/398/119/740e09382e4c310b5694a61a41bb6dba_avatarb.jpg]
[royalcams.com/profile/BagiraLove019.html]
[i.bimbolive.com/060/3ac/31c/bfa92a831c5172dc72114c47825bf32a_avatarb.jpg]
[royalcams.com/profile/BettyMimi.html]
[i.bimbolive.com/061/01d/152/4b2152e57f187803b2a723793867ad28_avatarb.jpg]
[royalcams.com/profile/carolayhot1.html]
[i.bimbolive.com/061/031/36f/2705de5dfa428ebc4d711faf44dd5217_avatarb.jpg]
[royalcams.com/profile/Emily-Gray.html]
[i.bimbolive.com/061/03f/008/f2ed164465053bf3a3dcaf024e5a97cd_avatarb.jpg]
[royalcams.com/profile/CarolForster.html]
[i.bimbolive.com/061/052/19a/a5d40371fa60d7cde97598ff145d5011_avatarb.jpg]
[royalcams.com/profile/Cristal-ls.html]
[i.bimbolive.com/061/0fb/008/7b8649c140f63e977d78f5b3dced777e_avatarb.jpg]
[royalcams.com/profile/Cybercherry.html]
[i.bimbolive.com/061/114/18e/a9957e91e36fa6ceefa51df08249aabd_avatarb.jpg]
[royalcams.com/profile/CRYSTALSWEETT.html]
[i.bimbolive.com/061/119/2a3/36b9fe3b1268a25d7b07ae417a765f2a_avatarb.jpg]
[royalcams.com/profile/cristalsexxx.html]
[royalcams.com/profile/MiluVega.html]
[royalcams.com/profile/AnaLed_deleted.html]
[royalcams.com/profile/PinkRose-22.html]
[royalcams.com/profile/MARINA1346.html]
[royalcams.com/profile/Elensweet.html]
[royalcams.com/profile/romano371.html]
[i.bimbolive.com/02b/172/271/a5334097/4013568_a94a44d2878019eceeaf96bbf24779c7.jpg]
[royalcams.com/profile/-HotBlood-_deleted.html]
[royalcams.com/profile/romano371/album/5334097/romano371.6e.delayed]
[royalcams.com/profile/romano371/album/5334097/photos.html]
[royalcams.com/profile/romano371/romano371.6f.delayed]
[royalcams.com/profile/romano371/photos.html]
[royalcams.com/profile/romano371/album/5334097/photo/4013568.html]
[royalcams.com/profile/romano371/album/5334097/photo/romano371.html]
[i.bimbolive.com/062/274/1bd/bg/826fd8e22e62f1a9098d5df2ea8b5a82.jpg]
[royalcams.com/profile/bettyboom1-2.html]
[i.bimbolive.com/062/274/1bd/18023af63871f235e0e685e5d9471ceb_profile_s.jpg]
[royalcams.com/profile/BettyBoom1/album/5648232/photos.html]
[i.bimbolive.com/062/274/1bd/a5652518/5323719_portrait_th_e93bb6.jpg]
[royalcams.com/profile/BettyBoom1/album/5652518/photos.html]
[i.bimbolive.com/062/274/1bd/a5652518/5323718_portrait_th_10428e.jpg]
[royalcams.com/profile/BettyBoom1/photos.html]
[i.bimbolive.com/062/274/1bd/a5648232/5304708_portrait_th_1ad41c.jpg]
[royalcams.com/profile/BettyBoom1/album/5648232/photo/5304708.html]
[royalcams.com/profile/BettyBoom1/album/5648550/photos.html]
[i.bimbolive.com/062/274/1bd/a5648550/5306136_portrait_th_02be0b.jpg]
[royalcams.com/profile/BettyBoom1/album/5648550/photo/5306136.html]
[royalcams.com/profile/BettyBoom1/album/5652518/photo/5323718.html]
[royalcams.com/profile/show-video/479827.html]
[royalcams.com/profile/BettyBoom1/videos.html]
[i.bimbolive.com/001/2f1/3a0/8644de422dd5c55265e9c86893ee9553_avatarb.jpg]
[royalcams.com/profile/kiskalove2.html]
[i.bimbolive.com/images/avatars/1/avatarb.jpg]
[royalcams.com/profile/SanechekSa88.html]
[royalcams.com/profile/BettyBoom1.html]
[royalcams.com/profile/Ellax07.html]
[royalcams.com/profile/Dona-Loca.html]
[royalcams.com/profile/emilystar69.html]
[royalcams.com/profile/DreamQFila.html]
[royalcams.com/profile/ElegantBlonda.html]
[royalcams.com/profile/eimycol01x.html]
[royalcams.com/profile/ElisaJean.html]
[royalcams.com/profile/DreamLatte.html]
[royalcams.com/profile/Emily-Smith1.html]
[royalcams.com/profile/EmelyLauren.html]
[royalcams.com/profile/dirtysexx-.html]
[royalcams.com/profile/Danilovs.html]
[royalcams.com/profile/BetyBu.html]
[royalcams.com/profile/AishaMoon.html]
[royalcams.com/profile/BagiraLove019.html]
[royalcams.com/profile/BettyMimi.html]
[royalcams.com/profile/carolayhot1.html]
[royalcams.com/profile/Emily-Gray.html]
[royalcams.com/profile/CarolForster.html]
[royalcams.com/profile/Cristal-ls.html]
[royalcams.com/profile/Cybercherry.html]
[royalcams.com/profile/CRYSTALSWEETT.html]
[royalcams.com/profile/cristalsexxx.html]
[royalcams.com/profile/MiluVega.html]
[royalcams.com/profile/AnaLed_deleted.html]
[royalcams.com/profile/PinkRose-22.html]
[royalcams.com/profile/MARINA1346.html]
[royalcams.com/profile/Elensweet.html]
[royalcams.com/profile/-HotBlood-_deleted.html]
[royalcams.com/profile/romano371/album/5334097/romano371.html]
[royalcams.com/profile/romano371/romano371.html]
[royalcams.com/profile/romano371/album/5334097/photo/romano371.html]
[royalcams.com/profile/bettyboom1-2.html]
[royalcams.com/profile/BettyBoom1/album/5648232/photos.html]
[royalcams.com/profile/BettyBoom1/album/5652518/photos.html]
[royalcams.com/profile/BettyBoom1/photos.html]
[royalcams.com/profile/BettyBoom1/album/5648232/photo/5304708.html]
[royalcams.com/profile/BettyBoom1/album/5648550/photos.html]
[royalcams.com/profile/BettyBoom1/album/5648550/photo/5306136.html]
[royalcams.com/profile/BettyBoom1/album/5652518/photo/5323718.html]
[royalcams.com/profile/show-video/479827.html]
[royalcams.com/profile/BettyBoom1/videos.html]
[royalcams.com/profile/kiskalove2.html]
[royalcams.com/profile/SanechekSa88.html]
[royalcams.com/profile/vitalik871.html]
[royalcams.com/profile/vitalik871.html]
